    Finished `release` profile [optimized] target(s) in 0.06s
date: 2026-10-05T07:38:23+00:00
host: 6.1.158+, Intel(R) Xeon(R) Processor @ 2.60GHz, 16 threads, 31GB
server cpus: 0,2,4,6 (nproc 4); loadgen cpus: 8,10,12,14; network: host
env: WEB_CONCURRENCY=3 JOB_CONCURRENCY=3 RAILS_MAX_THREADS=5
seed sha256: bda9a5cd61d78d53f377cf07ee9268741caebc19b94a6efe782cafe827efc8db  /home/user/workspace/repo/var/linux-benchmark-setup/seed/default/db/production.sqlite3
seed tree sha256: d0c0b2708846c2f261e7bf6c8a4d7b220b9df71ba21190a172ffcb5acf38b963  -
loadgen sha256: 6c55f4fd8c7accb05c7f7ad211fd1892fd4efcf4304f8560d5c65b58df3d9c0f  /home/user/workspace/repo/target/bench/release/loadgen
loadgen build image: rust@sha256:4cd829461bd5c4d511c32e269da9cb8929223b666519d8004e35fc8d1d771ab7
elixir source digest: 211c7482047fcd69224c168ee21d81f689bd991d7267acae74039122a85553a6
rust extra env:
workload: suites=http cable upload HTTP_SECS=4 HTTP_CONCS=1 16 64 CABLE_CLIENTS=100 500 1000 CABLE_TPUT_SECS=15 CABLE_POSTERS=4 UPLOAD_REPS=5 REPS=4
quiet wait: LOAD_MAX=1.5 LOAD_WAIT_SECS=900
user agent: (none)
baseline image: sha256:7cb5658090eee9c77c4d19572766434bb4a2b6654b80334bb8f43df02f922182 sha256:7cb5658090eee9c77c4d19572766434bb4a2b6654b80334bb8f43df02f922182 2026-10-05T06:37:12.019194803Z unpacked_bytes=2542179488
candidate image: sha256:3cab19b9a0cc8416e94c9e91585eb4036a190d68a013df98726cbfb34fc344bc sha256:3cab19b9a0cc8416e94c9e91585eb4036a190d68a013df98726cbfb34fc344bc 2026-10-05T07:06:02.690442539Z unpacked_bytes=2540411548
baseline source: b6b82e50a653c4060136bb04e805eb78fd76ba10
candidate source: 7c1ed67d062f5e241d37e3eb0e9a3d97a2324636
[07:38:24] load before run: 0.78 1.76 2.00 (waited 0s)
[07:38:24] baseline rep 1: starting (load: 0.78 1.76 2.00)
[07:38:35] baseline rep 1: cold start 1145ms, idle 151MB (anon 116MB)
[07:38:42] baseline rep 1: room_show c=1 103.1 rps p50 9.167 p99 14.247 {'200': 413} err 0
[07:38:46] baseline rep 1: room_show c=16 319.3 rps p50 49.439 p99 66.175 {'200': 1292} err 0
[07:38:50] baseline rep 1: room_show c=64 320.5 rps p50 195.071 p99 269.567 {'200': 1327} err 0
[07:38:56] baseline rep 1: messages_page c=1 145.1 rps p50 6.691 p99 9.535 {'200': 581} err 0
[07:39:00] baseline rep 1: messages_page c=16 430.5 rps p50 36.895 p99 52.255 {'200': 1736} err 0
[07:39:04] baseline rep 1: messages_page c=64 425.3 rps p50 145.919 p99 200.447 {'200': 1751} err 0
[07:39:10] baseline rep 1: sidebar c=1 241.2 rps p50 3.867 p99 6.955 {'200': 965} err 0
[07:39:15] baseline rep 1: sidebar c=16 504.3 rps p50 31.471 p99 43.999 {'200': 2028} err 0
[07:39:19] baseline rep 1: sidebar c=64 542.6 rps p50 116.991 p99 140.799 {'200': 2218} err 0
[07:39:25] baseline rep 1: search c=1 190.4 rps p50 5.111 p99 7.247 {'200': 762} err 0
[07:39:29] baseline rep 1: search c=16 451.8 rps p50 34.943 p99 49.279 {'200': 1817} err 0
[07:39:33] baseline rep 1: search c=64 492.2 rps p50 128.063 p99 142.207 {'200': 2025} err 0
[07:39:39] baseline rep 1: avatar c=1 4681.0 rps p50 0.2 p99 0.478 {'200': 18725} err 0
[07:39:43] baseline rep 1: avatar c=16 26442.7 rps p50 0.369 p99 2.861 {'200': 105804} err 0
[07:39:47] baseline rep 1: avatar c=64 20047.1 rps p50 1.482 p99 19.279 {'200': 80292} err 0
[07:39:53] baseline rep 1: static_css c=1 5383.1 rps p50 0.173 p99 0.398 {'200': 21534} err 0
[07:39:58] baseline rep 1: static_css c=16 37371.7 rps p50 0.275 p99 2.157 {'200': 149524} err 0
[07:40:02] baseline rep 1: static_css c=64 29520.0 rps p50 1.154 p99 12.271 {'200': 118203} err 0
[07:40:08] baseline rep 1: up c=1 1036.8 rps p50 0.941 p99 1.41 {'200': 4148} err 0
[07:40:12] baseline rep 1: up c=16 3350.9 rps p50 4.247 p99 13.047 {'200': 13417} err 0
[07:40:16] baseline rep 1: up c=64 3149.4 rps p50 18.831 p99 53.439 {'200': 12656} err 0
[07:40:22] baseline rep 1: post_message c=1 90.3 rps p50 10.959 p99 17.967 {'200': 362} err 0
[07:40:26] baseline rep 1: post_message c=16 316.8 rps p50 49.887 p99 65.407 {'200': 1278} err 0
[07:40:30] baseline rep 1: post_message c=64 329.5 rps p50 196.991 p99 228.223 {'200': 1346} err 0
[07:40:53] baseline rep 1: cable 100 clients ready 100 lat all p50 10.871 p99 25.935 tput 139.9 msg/s 2101 / 2101
[07:41:18] baseline rep 1: cable 500 clients ready 500 lat all p50 20.463 p99 32.991 tput 62.1 msg/s 934 / 934
Traceback (most recent call last):
  File "<string>", line 1, in <module>
AssertionError: {'clients': 1000, 'connect_secs': 120.29, 'failed': 27, 'latency': {'all_clients': {'n': 0}, 'complete': 0, 'messages': 30, 'per_client': {'n': 0}, 'post': {'max_ms': 17.039, 'mean_ms': 12.99, 'n': 30, 'p50_ms': 12.543, 'p90_ms': 15.615, 'p99_ms': 17.039}}, 'ready': 430, 'subscriptions_per_client': 6, 'throughput': {'all_clients': {'n': 0}, 'complete': 0, 'delivered_msgs_per_sec': 0.0, 'drain_secs': 0.0, 'frames_per_sec': 0.0, 'per_client': {'n': 0}, 'post': {'max_ms': 35.935, 'mean_ms': 15.86, 'n': 3782, 'p50_ms': 15.431, 'p90_ms': 19.375, 'p99_ms': 24.399}, 'posted': 3782, 'posters': 4, 'posts_per_sec': 251.9, 'wire_mb_per_sec': 0.0}, 'process_memory': {'connect': {'roles': {'thrust': {'peak_pss_mb': 83.2, 'peak_anon_mb': 75.4, 'procs': 1}, 'redis': {'peak_pss_mb': 21.4, 'peak_anon_mb': 18.0, 'procs': 1}, 'beam': {'peak_pss_mb': 351.6, 'peak_anon_mb': 307.4, 'procs': 1}, 'campfire': {'peak_pss_mb': 1.0, 'peak_anon_mb': 0.4, 'procs': 3}, 'other': {'peak_pss_mb': 0.3, 'peak_anon_mb': 0.1, 'procs': 1}, 'helpers': {'peak_pss_mb': 1.6, 'peak_anon_mb': 0.6, 'procs': 4}}, 'peak_total_pss_mb': 459.0}, 'connected': {'roles': {'thrust': {'peak_pss_mb': 83.2, 'peak_anon_mb': 75.4, 'procs': 1}, 'redis': {'peak_pss_mb': 21.2, 'peak_anon_mb': 17.9, 'procs': 1}, 'beam': {'peak_pss_mb': 298.9, 'peak_anon_mb': 254.6, 'procs': 1}, 'campfire': {'peak_pss_mb': 1.0, 'peak_anon_mb': 0.4, 'procs': 3}, 'other': {'peak_pss_mb': 0.3, 'peak_anon_mb': 0.1, 'procs': 1}, 'helpers': {'peak_pss_mb': 1.6, 'peak_anon_mb': 0.6, 'procs': 4}}, 'peak_total_pss_mb': 406.2}, 'paced': {'roles': {'thrust': {'peak_pss_mb': 83.2, 'peak_anon_mb': 75.4, 'procs': 1}, 'redis': {'peak_pss_mb': 21.3, 'peak_anon_mb': 18.0, 'procs': 1}, 'beam': {'peak_pss_mb': 299.5, 'peak_anon_mb': 255.3, 'procs': 1}, 'campfire': {'peak_pss_mb': 1.0, 'peak_anon_mb': 0.4, 'procs': 3}, 'other': {'peak_pss_mb': 0.3, 'peak_anon_mb': 0.1, 'procs': 1}, 'helpers': {'peak_pss_mb': 1.6, 'peak_anon_mb': 0.6, 'procs': 4}}, 'peak_total_pss_mb': 406.2}, 'paced_drained': {'roles': {'thrust': {'peak_pss_mb': 61.6, 'peak_anon_mb': 53.9, 'procs': 1}, 'redis': {'peak_pss_mb': 21.3, 'peak_anon_mb': 18.0, 'procs': 1}, 'beam': {'peak_pss_mb': 298.7, 'peak_anon_mb': 254.4, 'procs': 1}, 'campfire': {'peak_pss_mb': 1.0, 'peak_anon_mb': 0.4, 'procs': 3}, 'other': {'peak_pss_mb': 0.3, 'peak_anon_mb': 0.1, 'procs': 1}, 'helpers': {'peak_pss_mb': 1.6, 'peak_anon_mb': 0.6, 'procs': 4}}, 'peak_total_pss_mb': 384.6}, 'saturated': {'roles': {'thrust': {'peak_pss_mb': 61.6, 'peak_anon_mb': 53.9, 'procs': 1}, 'redis': {'peak_pss_mb': 30.1, 'peak_anon_mb': 26.8, 'procs': 1}, 'beam': {'peak_pss_mb': 321.6, 'peak_anon_mb': 276.2, 'procs': 1}, 'campfire': {'peak_pss_mb': 1.0, 'peak_anon_mb': 0.4, 'procs': 3}, 'other': {'peak_pss_mb': 0.3, 'peak_anon_mb': 0.1, 'procs': 1}, 'helpers': {'peak_pss_mb': 1.6, 'peak_anon_mb': 0.6, 'procs': 4}}, 'peak_total_pss_mb': 384.6}, 'saturated_posted': {'roles': {'thrust': {'peak_pss_mb': 21.7, 'peak_anon_mb': 13.9, 'procs': 1}, 'redis': {'peak_pss_mb': 30.2, 'peak_anon_mb': 26.9, 'procs': 1}, 'beam': {'peak_pss_mb': 321.6, 'peak_anon_mb': 276.3, 'procs': 1}, 'campfire': {'peak_pss_mb': 1.0, 'peak_anon_mb': 0.4, 'procs': 3}, 'other': {'peak_pss_mb': 0.3, 'peak_anon_mb': 0.1, 'procs': 1}, 'helpers': {'peak_pss_mb': 1.6, 'peak_anon_mb': 0.6, 'procs': 4}}, 'peak_total_pss_mb': 376.4}, 'saturated_drained': {'roles': {'thrust': {'peak_pss_mb': 21.7, 'peak_anon_mb': 13.9, 'procs': 1}, 'redis': {'peak_pss_mb': 29.6, 'peak_anon_mb': 26.3, 'procs': 1}, 'beam': {'peak_pss_mb': 312.4, 'peak_anon_mb': 267.1, 'procs': 1}, 'campfire': {'peak_pss_mb': 1.0, 'peak_anon_mb': 0.4, 'procs': 3}, 'other': {'peak_pss_mb': 0.3, 'peak_anon_mb': 0.1, 'procs': 1}, 'helpers': {'peak_pss_mb': 1.6, 'peak_anon_mb': 0.6, 'procs': 4}}, 'peak_total_pss_mb': 366.6}, 'done': {'roles': {'thrust': {'peak_pss_mb': 21.7, 'peak_anon_mb': 13.9, 'procs': 1}, 'redis': {'peak_pss_mb': 29.6, 'peak_anon_mb': 26.3, 'procs': 1}, 'beam': {'peak_pss_mb': 312.4, 'peak_anon_mb': 267.1, 'procs': 1}, 'campfire': {'peak_pss_mb': 1.0, 'peak_anon_mb': 0.4, 'procs': 3}, 'other': {'peak_pss_mb': 0.3, 'peak_anon_mb': 0.1, 'procs': 1}, 'helpers': {'peak_pss_mb': 1.6, 'peak_anon_mb': 0.6, 'procs': 4}}, 'peak_total_pss_mb': 366.6}}}
