=> Booting Puma
=> Rails 8.2.0.alpha application starting in production 
=> Run `bin/rails server --help` for more startup options
[1] Puma starting in cluster mode...
[1] * Puma version: 7.2.1 ("On The Corner")
[1] * Ruby version: ruby 3.4.10 (2026-06-30 revision 2b0b7728dc) +YJIT +PRISM [x86_64-linux]
[1] *  Min threads: 5
[1] *  Max threads: 5
[1] *  Environment: production
[1] *   Master PID: 1
[1] *      Workers: 1
[1] *     Restarts: (✔) hot (✔) phased (✖) refork
[1] * Listening on http://127.0.0.1:47200
[1] Use Ctrl-C to stop
[1] ! WARNING: Detected running cluster mode with 1 worker.
[1] ! Running Puma in cluster mode with a single worker is often a misconfiguration.
[1] ! Consider running Puma in single-mode (workers = 0) in order to reduce memory overhead.
[1] ! Set the `silence_single_worker_warning` option to silence this warning message.
[1] - Worker 0 (PID: 11) booted in 0.0s, phase: 0
I, [2026-10-05T07:38:00.419359 #11]  INFO -- : [dd35bce6-d96a-49c8-bb7f-009bde2720fb] Started GET "/session/new" for 127.0.0.1 at 2026-10-05 07:38:00 +0000
I, [2026-10-05T07:38:00.420770 #11]  INFO -- : [dd35bce6-d96a-49c8-bb7f-009bde2720fb] Processing by SessionsController#new as */*
I, [2026-10-05T07:38:00.617920 #11]  INFO -- : [dd35bce6-d96a-49c8-bb7f-009bde2720fb] Completed 200 OK in 197ms (Views: 183.9ms | ActiveRecord: 4.0ms (9 queries, 5 cached) | GC: 36.5ms)
I, [2026-10-05T07:38:00.631189 #11]  INFO -- : [42dab529-a827-4c3e-a0b3-2674a55a7940] Started POST "/session" for 127.0.0.1 at 2026-10-05 07:38:00 +0000
I, [2026-10-05T07:38:00.632931 #11]  INFO -- : [42dab529-a827-4c3e-a0b3-2674a55a7940] Processing by SessionsController#create as */*
I, [2026-10-05T07:38:00.633181 #11]  INFO -- : [42dab529-a827-4c3e-a0b3-2674a55a7940]   Parameters: {"email_address" => "[FILTERED]", "password" => "[FILTERED]", "authenticity_token" => "[FILTERED]"}
I, [2026-10-05T07:38:00.982302 #11]  INFO -- : [42dab529-a827-4c3e-a0b3-2674a55a7940] Redirected to http://campfire.test/
I, [2026-10-05T07:38:00.983054 #11]  INFO -- : [42dab529-a827-4c3e-a0b3-2674a55a7940] Completed 302 Found in 349ms (ActiveRecord: 4.8ms (4 queries, 0 cached) | GC: 0.0ms)
I, [2026-10-05T07:38:01.369176 #11]  INFO -- : [f3e62ef5-edcd-4161-944b-6f3bc45e913f] Started POST "/users/me/push_subscriptions/123/test_notifications" for 127.0.0.1 at 2026-10-05 07:38:01 +0000
I, [2026-10-05T07:38:01.370191 #11]  INFO -- : [f3e62ef5-edcd-4161-944b-6f3bc45e913f] Processing by Users::PushSubscriptions::TestNotificationsController#create as */*
I, [2026-10-05T07:38:01.370249 #11]  INFO -- : [f3e62ef5-edcd-4161-944b-6f3bc45e913f]   Parameters: {"authenticity_token" => "[FILTERED]", "user_id" => "me", "push_subscription_id" => "123"}
[1] === puma shutdown: 2026-10-05 07:38:01 +0000 ===
[1] - Goodbye!
[1] - Gracefully shutting down workers...
I, [2026-10-05T07:38:07.483045 #11]  INFO -- : [f3e62ef5-edcd-4161-944b-6f3bc45e913f] Redirected to http://campfire.test/users/me/push_subscriptions
I, [2026-10-05T07:38:07.483336 #11]  INFO -- : [f3e62ef5-edcd-4161-944b-6f3bc45e913f] Completed 302 Found in 6113ms (ActiveRecord: 1.6ms (5 queries, 0 cached) | GC: 0.0ms)
Exiting
