#0 building with "default" instance using docker driver

#1 [internal] load build definition from Dockerfile
#1 transferring dockerfile: 30B
#1 transferring dockerfile: 1.98kB 0.0s done
#1 DONE 0.1s

#2 [internal] load metadata for docker.io/library/campfire-elixir:toolchain
#2 DONE 0.0s

#3 [internal] load metadata for docker.io/library/campfire-reference:app
#3 DONE 0.0s

#4 [internal] load .dockerignore
#4 transferring context: 152B done
#4 DONE 0.0s

#5 [frontend 1/2] FROM docker.io/library/campfire-reference:app@sha256:e4f59047e23395fadc4038e7e2aae65b812d65d5b094b9927ec1f7545b146704
#5 resolve docker.io/library/campfire-reference:app@sha256:e4f59047e23395fadc4038e7e2aae65b812d65d5b094b9927ec1f7545b146704 0.0s done
#5 DONE 0.1s

#6 [build 1/8] FROM docker.io/library/campfire-elixir:toolchain@sha256:c22f69fca28c2d7e590d4bfb85bc620224f39aff4bdfb64663cfae3797a0b1ea
#6 resolve docker.io/library/campfire-elixir:toolchain@sha256:c22f69fca28c2d7e590d4bfb85bc620224f39aff4bdfb64663cfae3797a0b1ea 0.0s done
#6 DONE 0.1s

#7 [internal] load build context
#7 transferring context: 16.84MB 0.6s done
#7 DONE 0.6s

#8 [build 2/8] COPY mix.exs mix.lock ./
#8 CACHED

#9 [build 3/8] COPY deps ./deps
#9 CACHED

#10 [build 4/8] COPY lib ./lib
#10 DONE 0.1s

#11 [build 5/8] COPY native ./native
#11 DONE 0.1s

#12 [build 6/8] COPY priv ./priv
#12 DONE 0.3s

#13 [build 7/8] COPY vectors/message-etags.json vectors/mime-types.json vectors/route-actions.json vectors/image-etags.json vectors/sounds.json vectors/fragment-digests.json ./vectors/
#13 DONE 0.1s

#14 [build 8/8] RUN mix deps.compile && mix compile --warnings-as-errors && mix release
#14 1.778 ==> floki
#14 1.780 Compiling 2 files (.erl)
#14 2.764 Compiling 30 files (.ex)
#14 7.654 Generated floki app
#14 7.685 ==> mime
#14 7.686 Compiling 1 file (.ex)
#14 7.817 Generated mime app
#14 7.847 ==> nimble_options
#14 7.848 Compiling 3 files (.ex)
#14 8.388 Generated nimble_options app
#14 8.431 ==> jason
#14 8.432 Compiling 10 files (.ex)
#14 11.83 Generated jason app
#14 11.86 ==> comeonin
#14 11.86 Compiling 3 files (.ex)
#14 11.92 Generated comeonin app
#14 11.95 ==> plug_crypto
#14 11.95 Compiling 5 files (.ex)
#14 12.21 Generated plug_crypto app
#14 12.23 ==> qqr
#14 12.23 Compiling 24 files (.ex)
#14 12.30     warning: the variable "offset" is accessed inside size(...) of a bitstring but it was defined outside of the match. You must precede it with the pin operator
#14 12.30     │
#14 12.30  16 │       <<_skip::size(offset), value::size(n), _rest::bits>> = data
#14 12.30     │                     ~
#14 12.30     │
#14 12.30     └─ lib/qqr/bit_stream.ex:16:21: QQR.BitStream.read_bits/2
#14 12.30 
#14 12.31     warning: the variable "n" is accessed inside size(...) of a bitstring but it was defined outside of the match. You must precede it with the pin operator
#14 12.31     │
#14 12.31  16 │       <<_skip::size(offset), value::size(n), _rest::bits>> = data
#14 12.31     │                                          ~
#14 12.31     │
#14 12.31     └─ lib/qqr/bit_stream.ex:16:42: QQR.BitStream.read_bits/2
#14 12.31 
#14 13.87 Generated qqr app
#14 13.89 ==> hpax
#14 13.89 Compiling 4 files (.ex)
#14 14.68 Generated hpax app
#14 14.72 ==> elixir_make
#14 14.72 Compiling 8 files (.ex)
#14 15.12 Generated elixir_make app
#14 15.15 ==> bcrypt_elixir
#14 15.17 mkdir -p "/app/_build/prod/lib/bcrypt_elixir/priv"
#14 15.18 cc -g -O3 -Wall -Wno-format-truncation -I"/usr/local/lib/erlang/erts-17.1/include" -Ic_src -fPIC -shared  c_src/bcrypt_nif.c c_src/blowfish.c -o "/app/_build/prod/lib/bcrypt_elixir/priv/bcrypt_nif.so"
#14 15.83 Compiling 3 files (.ex)
#14 15.91 Generated bcrypt_elixir app
#14 16.69 ==> campfire
#14 16.69 ===> Analyzing applications...
#14 16.73 ===> Compiling telemetry
#14 17.41 ==> redix
#14 17.41 Compiling 17 files (.ex)
#14 19.63      warning: CAStore.file_path/0 is undefined (module CAStore is not available or is yet to be defined). Make sure the module name is correct and has been specified in full (or that an alias has been defined)
#14 19.63      │
#14 19.63  426 │               [cacertfile: ca_store_mod.file_path()]
#14 19.63      │                                         ~
#14 19.63      │
#14 19.63      └─ lib/redix/connector.ex:426:41: Redix.Connector.build_socket_opts/3
#14 19.63 
#14 19.65 Generated redix app
#14 19.69 ==> db_connection
#14 19.70 Compiling 18 files (.ex)
#14 21.33 Generated db_connection app
#14 21.36 ==> thousand_island
#14 21.36 Compiling 18 files (.ex)
#14 22.17 Generated thousand_island app
#14 22.20 ==> plug
#14 22.20 Compiling 1 file (.erl)
#14 22.34 Compiling 42 files (.ex)
#14 27.94 Generated plug app
#14 27.97 ==> cc_precompiler
#14 27.97 Compiling 3 files (.ex)
#14 28.14 Generated cc_precompiler app
#14 28.17 ==> exqlite
#14 28.19  CC sqlite3_nif.o
#14 28.79  LD sqlite3_nif.so
#14 28.82 Compiling 12 files (.ex)
#14 29.46 Generated exqlite app
#14 29.48 ==> websock
#14 29.49 Compiling 1 file (.ex)
#14 29.51 Generated websock app
#14 29.54 ==> bandit
#14 29.55 Compiling 54 files (.ex)
#14 33.40 Generated bandit app
#14 34.47 cc -O2 -std=c99 -Ivendor/gumbo/src html.c vendor/gumbo/src/ascii.c vendor/gumbo/src/attribute.c vendor/gumbo/src/char_ref.c vendor/gumbo/src/error.c vendor/gumbo/src/foreign_attrs.c vendor/gumbo/src/parser.c vendor/gumbo/src/string_buffer.c vendor/gumbo/src/string_piece.c vendor/gumbo/src/svg_attrs.c vendor/gumbo/src/svg_tags.c vendor/gumbo/src/tag.c vendor/gumbo/src/tag_lookup.c vendor/gumbo/src/token_buffer.c vendor/gumbo/src/tokenizer.c vendor/gumbo/src/utf8.c vendor/gumbo/src/util.c vendor/gumbo/src/vector.c -o /app/_build/prod/native/29-x86_64-pc-linux-gnu/campfire-html
#14 37.90 Compiling 90 files (.ex)
#14 50.16 Generated campfire app
#14 51.33 * assembling campfire-0.1.0 on MIX_ENV=prod
#14 51.34 * skipping runtime configuration (config/runtime.exs not found)
#14 51.85 * skipping elixir.bat for windows (bin/elixir.bat not found in the Elixir installation)
#14 51.86 * skipping iex.bat for windows (bin/iex.bat not found in the Elixir installation)
#14 53.06 
#14 53.06 Release created at _build/prod/rel/campfire
#14 53.06 
#14 53.06     # To start your system
#14 53.06     _build/prod/rel/campfire/bin/campfire start
#14 53.06 
#14 53.06 Once the release is running:
#14 53.06 
#14 53.06     # To connect to it remotely
#14 53.06     _build/prod/rel/campfire/bin/campfire remote
#14 53.06 
#14 53.06     # To stop it gracefully (you may also send SIGINT/SIGTERM)
#14 53.06     _build/prod/rel/campfire/bin/campfire stop
#14 53.06 
#14 53.06 To list all commands:
#14 53.06 
#14 53.06     _build/prod/rel/campfire/bin/campfire
#14 53.06 
#14 DONE 53.2s

#15 [stage-2  2/10] RUN apt-get update && apt-get install -y --no-install-recommends redis-server && rm -rf /var/lib/apt/lists/*
#15 CACHED

#16 [stage-2  3/10] WORKDIR /campfire
#16 CACHED

#17 [frontend 2/2] RUN arch="amd64" &&     case "$arch" in       amd64|x86_64) gem_arch=x86_64 ;;       arm64|aarch64) gem_arch=aarch64 ;;       *) echo "Unsupported Thruster architecture: $arch" >&2; exit 1 ;;     esac &&     gem="/usr/local/bundle/ruby/3.4.0/gems/thruster-0.1.23-${gem_arch}-linux" &&     cp "$gem/exe/$gem_arch-linux/thrust" /tmp/thrust &&     cp "$gem/MIT-LICENSE" /tmp/THRUSTER-LICENSE
#17 CACHED

#18 [stage-2  4/10] COPY --from=build /app/_build/prod/rel/campfire ./
#18 DONE 0.3s

#19 [stage-2  5/10] COPY --from=frontend /tmp/thrust /usr/local/bin/thrust
#19 DONE 0.1s

#20 [stage-2  6/10] COPY --from=frontend /tmp/THRUSTER-LICENSE /campfire/THRUSTER-LICENSE
#20 DONE 0.0s

#21 [stage-2  7/10] COPY --from=frontend /rails/public/502.html /campfire/public/502.html
#21 DONE 0.1s

#22 [stage-2  8/10] COPY --chmod=755 hooks /hooks
#22 DONE 0.0s

#23 [stage-2  9/10] COPY --chmod=755 bin/container-start /campfire/bin/container-start
#23 DONE 0.0s

#24 [stage-2 10/10] RUN mkdir -p /rails/storage/db /rails/storage/files /rails/storage/backups /rails/storage/thruster && chown -R 1000:1000 /rails/storage
#24 DONE 0.2s

#25 exporting to image
#25 exporting layers
#25 exporting layers 5.4s done
#25 exporting manifest sha256:dd696ac2fa305e60589aa8854ef199cf0d328e4663891684c210bbcb632831f1 done
#25 exporting config sha256:d3bc16a3ff30b285fdcc20cce70ec903815871054cbd128c6796129ce214d12a done
#25 exporting attestation manifest sha256:f43c22f9de6364dc6abbcca526e2b1e1eaeda913b1b738546e51d7dbe6d316e7 done
#25 exporting manifest list sha256:1edb2a7e92618f08e31a8d2af893c9eef23ba380fcc74ec69d8922f3d95a1466 done
#25 naming to docker.io/library/campfire-elixir:release done
#25 unpacking to docker.io/library/campfire-elixir:release
#25 unpacking to docker.io/library/campfire-elixir:release 1.2s done
#25 DONE 6.7s
06ea709b1a45cded6cac7703db9da9357afaf0888ba33bbb61121ff7a6f8f8fa
